// Jest Snapshot v1, https://goo.gl/fbAQLP

exports[`<Checkbox /> Show Checkbox correctly 1`] = `
<span
  aria-disabled={false}
  className="MuiButtonBase-root MuiIconButton-root PrivateSwitchBase-root-7 MuiCheckbox-root MuiCheckbox-colorPrimary MuiIconButton-colorPrimary"
  onBlur={[Function]}
  onDragLeave={[Function]}
  onFocus={[Function]}
  onKeyDown={[Function]}
  onKeyUp={[Function]}
  onMouseDown={[Function]}
  onMouseLeave={[Function]}
  onMouseUp={[Function]}
  onTouchEnd={[Function]}
  onTouchMove={[Function]}
  onTouchStart={[Function]}
  tabIndex={null}
>
  <span
    className="MuiIconButton-label"
  >
    <svg
      aria-hidden="true"
      className="MuiSvgIcon-root"
      focusable="false"
      role="presentation"
      viewBox="0 0 24 24"
    >
      <path
        d="M19 5v14H5V5h14m0-2H5c-1.1 0-2 .9-2 2v14c0 1.1.9 2 2 2h14c1.1 0 2-.9 2-2V5c0-1.1-.9-2-2-2z"
      />
    </svg>
    <input
      className="PrivateSwitchBase-input-10"
      data-indeterminate={false}
      onChange={[Function]}
      type="checkbox"
    />
  </span>
</span>
`;
