// Jest Snapshot v1, https://goo.gl/fbAQLP

exports[`<Button /> Show Button correctly 1`] = `
.c0 {
  padding-left: 10px !important;
  padding-right: 10px !important;
}

<button
  className="MuiButtonBase-root MuiButton-root c0 MuiButton-text MuiButton-textPrimary MuiButton-sizeSmall"
  disabled={false}
  onBlur={[Function]}
  onClick={[MockFunction]}
  onDragLeave={[Function]}
  onFocus={[Function]}
  onKeyDown={[Function]}
  onKeyUp={[Function]}
  onMouseDown={[Function]}
  onMouseLeave={[Function]}
  onMouseUp={[Function]}
  onTouchEnd={[Function]}
  onTouchMove={[Function]}
  onTouchStart={[Function]}
  tabIndex={0}
  type="button"
>
  <span
    className="MuiButton-label"
  >
    Button test
  </span>
</button>
`;
